<!doctype html>

<html>
  <head><div><img src="images/pebble.png" alt="Screenshot of Pebble Info"></div></head>
  <body><h1 id="heading1">Heading1</h1>
<p>A nice list of stuff:</p>
<ul>
<li>item 1</li>
<li>item 2</li>
<li>item 3</li>
</ul>
</body>
</html>
