<!doctype html>

<html>
  <head><p><a href="http://example.com">This is a head</a></p>
</head>
  <body><h1 id="heading1">Heading1</h1>
<p>A nice list of stuff:</p>
<ul>
<li>item 1</li>
<li>item 2</li>
<li>item 3</li>
</ul>
</body>
</html>
